// Jest Snapshot v1, https://goo.gl/fbAQLP

exports[`App should render correctly 1`] = `
<div
  className="row justify-content-center flex-container"
>
  <meta
    content="width=device-width, initial-scale=1"
    name="viewport"
  />
  <div
    className="flex-login"
  >
    <h1>
      Login Here
    </h1>
    <form
      id="login"
    >
      <input
        id="email"
        name="email"
        placeholder="Email..."
        type="email"
      />
      <input
        id="password"
        name="password"
        placeholder="Password..."
        type="password"
      />
      <input
        className="form_button"
        type="submit"
        value="Login"
      />
      <span
        id="message"
      />
      <br />
      <a
        href=""
        id="forgot-password-link"
      >
        Forgot password?
      </a>
    </form>
  </div>
</div>
`;
